// Vitest Snapshot v1, https://vitest.dev/guide/snapshot.html

exports[`Auth > Login > should fail with email being in wrong format: /api/v1/auth/email/login (POST) 1`] = `
{
  "message": "Email must be in proper format",
}
`;

exports[`Auth > Login > should fail with missing email and password: /api/v1/auth/email/login (POST) 1`] = `
{
  "message": "Email must be in proper format",
}
`;

exports[`Auth > Login > should fail with missing email and password: /api/v1/auth/email/login (POST) 2`] = `
{
  "message": "Email must be a string",
}
`;

exports[`Auth > Login > should fail with missing email and password: /api/v1/auth/email/login (POST) 3`] = `
{
  "message": "Email cannot be empty",
}
`;

exports[`Auth > Login > should fail with missing email and password: /api/v1/auth/email/login (POST) 4`] = `
{
  "message": "Password cannot be empty",
}
`;

exports[`Auth > Login > should fail with missing email: /api/v1/auth/email/login (POST) 1`] = `
{
  "message": "Email must be in proper format",
}
`;

exports[`Auth > Login > should fail with missing email: /api/v1/auth/email/login (POST) 2`] = `
{
  "message": "Email must be a string",
}
`;

exports[`Auth > Login > should fail with missing email: /api/v1/auth/email/login (POST) 3`] = `
{
  "message": "Email cannot be empty",
}
`;
